I'm sorry, but errors were detected in your script. Please correct the
errors listed below, and try again.


File "game/story/act4.rpy", line 868: expected end of line
    play target play sound 'audio/Sound/Prison Scene Sounds/Monster Snarl.WAV' volume 0.3
                     ^

Ren'Py Version: Ren'Py 8.1.2.23090503
Sat Sep 23 20:49:09 2023
